Apr  5 06:25:05 (none) CRON[11830]: pam_unix(cron:session): session closed for user root
Apr  5 06:26:51 (none) sshd[12055]: Did not receive identification string from 58.58.179.52
Apr  5 06:35:01 (none) CRON[12059]: pam_unix(cron:session): session opened for user root by (uid=0)
Apr  5 06:35:01 (none) CRON[12059]: pam_unix(cron:session): session closed for user root
Apr  5 06:45:01 (none) CRON[12062]: pam_unix(cron:session): session opened for user root by (uid=0)
Apr  5 06:45:01 (none) CRON[12062]: pam_unix(cron:session): session closed for user root
Apr  5 06:47:01 (none) CRON[12065]: pam_unix(cron:session): session opened for user root by (uid=0)
Apr  5 06:47:02 (none) CRON[12065]: pam_unix(cron:session): session closed for user root
Apr  5 06:54:30 (none) sshd[12074]: pam_unix(sshd:auth): authentication failure; logname= uid=0 euid=0 tty=ssh ruser= rhost=1.30.20.148  user=root
Apr  5 06:54:32 (none) sshd[12074]: Failed password for root from 1.30.20.148 port 7691 ssh2
Apr  5 06:54:32 (none) sshd[12074]: Received disconnect from 1.30.20.148: 11: Bye Bye [preauth]
Apr  5 06:54:40 (none) sshd[12076]: pam_unix(sshd:auth): authentication failure; logname= uid=0 euid=0 tty=ssh ruser= rhost=1.30.20.148  user=root
Apr  5 06:54:42 (none) sshd[12076]: Failed password for root from 1.30.20.148 port 8644 ssh2
Apr  5 06:54:42 (none) sshd[12076]: Received disconnect from 1.30.20.148: 11: Bye Bye [preauth]
Apr  5 06:54:49 (none) sshd[12078]: Invalid user paras from 1.30.20.148
Apr  5 06:54:49 (none) sshd[12078]: input_userauth_request: invalid user paras [preauth]
Apr  5 06:54:49 (none) sshd[12078]: pam_unix(sshd:auth): check pass; user unknown
Apr  5 06:54:49 (none) sshd[12078]: pam_unix(sshd:auth): authentication failure; logname= uid=0 euid=0 tty=ssh ruser= rhost=1.30.20.148
Apr  5 06:54:51 (none) sshd[12078]: Failed password for invalid user paras from 1.30.20.148 port 9787 ssh2
Apr  5 06:54:51 (none) sshd[12078]: Received disconnect from 1.30.20.148: 11: Bye Bye [preauth]
Apr  5 06:54:56 (none) sshd[12080]: pam_unix(sshd:auth): authentication failure; logname= uid=0 euid=0 tty=ssh ruser= rhost=1.30.20.148  user=root
Apr  5 06:54:58 (none) sshd[12080]: Failed password for root from 1.30.20.148 port 10885 ssh2
Apr  5 06:54:59 (none) sshd[12080]: Received disconnect from 1.30.20.148: 11: Bye Bye [preauth]
Apr  5 06:55:01 (none) CRON[12082]: pam_unix(cron:session): session opened for user root by (uid=0)
Apr  5 06:55:01 (none) CRON[12082]: pam_unix(cron:session): session closed for user root
Apr  5 06:55:08 (none) sshd[12085]: Invalid user nan from 1.30.20.148
Apr  5 06:55:08 (none) sshd[12085]: input_userauth_request: invalid user nan [preauth]
Apr  5 06:55:08 (none) sshd[12085]: pam_unix(sshd:auth): check pass; user unknown
Apr  5 06:55:08 (none) sshd[12085]: pam_unix(sshd:auth): authentication failure; logname= uid=0 euid=0 tty=ssh ruser= rhost=1.30.20.148
Apr  5 06:55:11 (none) sshd[12085]: Failed password for invalid user nan from 1.30.20.148 port 11813 ssh2
Apr  5 06:55:11 (none) sshd[12085]: Connection closed by 1.30.20.148 [preauth]
Apr  5 07:00:22 (none) sshd[12090]: pam_unix(sshd:auth): authentication failure; logname= uid=0 euid=0 tty=ssh ruser= rhost=194-123-242-80.pppoe.dyn.broadband.blic.net  user=root
Apr  5 07:00:24 (none) sshd[12090]: Failed password for root from 80.242.123.194 port 39151 ssh2
Apr  5 07:00:24 (none) sshd[12090]: Received disconnect from 80.242.123.194: 11: Bye Bye [preauth]
Apr  5 07:03:30 (none) sshd[12092]: pam_unix(sshd:auth): authentication failure; logname= uid=0 euid=0 tty=ssh ruser= rhost=221.203.3.117  user=root
Apr  5 07:03:32 (none) sshd[12092]: Failed password for root from 221.203.3.117 port 58458 ssh2
Apr  5 07:03:35 (none) sshd[12092]: Failed password for root from 221.203.3.117 port 58458 ssh2
Apr  5 07:03:38 (none) sshd[12092]: Failed password for root from 221.203.3.117 port 58458 ssh2
Apr  5 07:03:38 (none) sshd[12092]: Received disconnect from 221.203.3.117: 11:  [preauth]
Apr  5 07:03:38 (none) sshd[12092]: PAM 2 more authentication failures; logname= uid=0 euid=0 tty=ssh ruser= rhost=221.203.3.117  user=root
Apr  5 07:03:40 (none) sshd[12094]: pam_unix(sshd:auth): authentication failure; logname= uid=0 euid=0 tty=ssh ruser= rhost=221.203.3.117  user=root
Apr  5 07:03:42 (none) sshd[12094]: Failed password for root from 221.203.3.117 port 51667 ssh2
Apr  5 07:03:45 (none) sshd[12094]: Failed password for root from 221.203.3.117 port 51667 ssh2
Apr  5 07:03:47 (none) sshd[12094]: Failed password for root from 221.203.3.117 port 51667 ssh2
Apr  5 07:03:47 (none) sshd[12094]: Received disconnect from 221.203.3.117: 11:  [preauth]
Apr  5 07:03:47 (none) sshd[12094]: PAM 2 more authentication failures; logname= uid=0 euid=0 tty=ssh ruser= rhost=221.203.3.117  user=root
Apr  5 07:03:49 (none) sshd[12096]: pam_unix(sshd:auth): authentication failure; logname= uid=0 euid=0 tty=ssh ruser= rhost=221.203.3.117  user=root
Apr  5 07:03:52 (none) sshd[12096]: Failed password for root from 221.203.3.117 port 43322 ssh2
Apr  5 07:03:54 (none) sshd[12096]: Failed password for root from 221.203.3.117 port 43322 ssh2
Apr  5 07:03:56 (none) sshd[12096]: Failed password for root from 221.203.3.117 port 43322 ssh2
Apr  5 07:03:56 (none) sshd[12096]: Received disconnect from 221.203.3.117: 11:  [preauth]
Apr  5 07:03:56 (none) sshd[12096]: PAM 2 more authentication failures; logname= uid=0 euid=0 tty=ssh ruser= rhost=221.203.3.117  user=root
Apr  5 07:04:02 (none) sshd[12098]: pam_unix(sshd:auth): authentication failure; logname= uid=0 euid=0 tty=ssh ruser= rhost=221.203.3.117  user=root
Apr  5 07:04:04 (none) sshd[12098]: Failed password for root from 221.203.3.117 port 34645 ssh2
Apr  5 07:04:06 (none) sshd[12098]: Failed password for root from 221.203.3.117 port 34645 ssh2
Apr  5 07:04:08 (none) sshd[12098]: Failed password for root from 221.203.3.117 port 34645 ssh2
Apr  5 07:04:08 (none) sshd[12098]: Received disconnect from 221.203.3.117: 11:  [preauth]
Apr  5 07:04:08 (none) sshd[12098]: PAM 2 more authentication failures; logname= uid=0 euid=0 tty=ssh ruser= rhost=221.203.3.117  user=root
Apr  5 07:04:11 (none) sshd[12100]: pam_unix(sshd:auth): authentication failure; logname= uid=0 euid=0 tty=ssh ruser= rhost=221.203.3.117  user=root
Apr  5 07:04:13 (none) sshd[12100]: Failed password for root from 221.203.3.117 port 60260 ssh2
Apr  5 07:04:15 (none) sshd[12100]: Failed password for root from 221.203.3.117 port 60260 ssh2
Apr  5 07:04:17 (none) sshd[12100]: Failed password for root from 221.203.3.117 port 60260 ssh2
Apr  5 07:04:17 (none) sshd[12100]: Received disconnect from 221.203.3.117: 11:  [preauth]
Apr  5 07:04:17 (none) sshd[12100]: PAM 2 more authentication failures; logname= uid=0 euid=0 tty=ssh ruser= rhost=221.203.3.117  user=root
Apr  5 07:04:20 (none) sshd[12102]: pam_unix(sshd:auth): authentication failure; logname= uid=0 euid=0 tty=ssh ruser= rhost=221.203.3.117  user=root
Apr  5 07:04:22 (none) sshd[12102]: Failed password for root from 221.203.3.117 port 50593 ssh2
Apr  5 07:04:24 (none) sshd[12102]: Failed password for root from 221.203.3.117 port 50593 ssh2
Apr  5 07:04:27 (none) sshd[12102]: Failed password for root from 221.203.3.117 port 50593 ssh2
Apr  5 07:04:27 (none) sshd[12102]: Received disconnect from 221.203.3.117: 11:  [preauth]
Apr  5 07:04:27 (none) sshd[12102]: PAM 2 more authentication failures; logname= uid=0 euid=0 tty=ssh ruser= rhost=221.203.3.117  user=root
Apr  5 07:04:30 (none) sshd[12104]: pam_unix(sshd:auth): authentication failure; logname= uid=0 euid=0 tty=ssh ruser= rhost=221.203.3.117  user=root
Apr  5 07:04:32 (none) sshd[12104]: Failed password for root from 221.203.3.117 port 42706 ssh2
Apr  5 07:04:35 (none) sshd[12104]: Failed password for root from 221.203.3.117 port 42706 ssh2
Apr  5 07:04:37 (none) sshd[12104]: Failed password for root from 221.203.3.117 port 42706 ssh2
Apr  5 07:04:38 (none) sshd[12104]: Received disconnect from 221.203.3.117: 11:  [preauth]
Apr  5 07:04:38 (none) sshd[12104]: PAM 2 more authentication failures; logname= uid=0 euid=0 tty=ssh ruser= rhost=221.203.3.117  user=root
Apr  5 07:04:40 (none) sshd[12106]: pam_unix(sshd:auth): authentication failure; logname= uid=0 euid=0 tty=ssh ruser= rhost=221.203.3.117  user=root
Apr  5 07:04:41 (none) sshd[12106]: Failed password for root from 221.203.3.117 port 36522 ssh2
Apr  5 07:04:44 (none) sshd[12106]: Failed password for root from 221.203.3.117 port 36522 ssh2
Apr  5 07:04:47 (none) sshd[12106]: Failed password for root from 221.203.3.117 port 36522 ssh2
Apr  5 07:04:47 (none) sshd[12106]: Received disconnect from 221.203.3.117: 11:  [preauth]
Apr  5 07:04:47 (none) sshd[12106]: PAM 2 more authentication failures; logname= uid=0 euid=0 tty=ssh ruser= rhost=221.203.3.117  user=root
Apr  5 07:04:50 (none) sshd[12108]: pam_unix(sshd:auth): authentication failure; logname= uid=0 euid=0 tty=ssh ruser= rhost=221.203.3.117  user=root
Apr  5 07:04:51 (none) sshd[12108]: Failed password for root from 221.203.3.117 port 56663 ssh2
Apr  5 07:04:53 (none) sshd[12108]: Failed password for root from 221.203.3.117 port 56663 ssh2
Apr  5 07:04:56 (none) sshd[12108]: Failed password for root from 221.203.3.117 port 56663 ssh2
Apr  5 07:04:56 (none) sshd[12108]: Received disconnect from 221.203.3.117: 11:  [preauth]
Apr  5 07:04:56 (none) sshd[12108]: PAM 2 more authentication failures; logname= uid=0 euid=0 tty=ssh ruser= rhost=221.203.3.117  user=root
Apr  5 07:04:58 (none) sshd[12110]: pam_unix(sshd:auth): authentication failure; logname= uid=0 euid=0 tty=ssh ruser= rhost=221.203.3.117  user=root
Apr  5 07:05:00 (none) sshd[12110]: Failed password for root from 221.203.3.117 port 47767 ssh2
Apr  5 07:05:01 (none) CRON[12112]: pam_unix(cron:session): session opened for user root by (uid=0)
Apr  5 07:05:01 (none) CRON[12112]: pam_unix(cron:session): session closed for user root
Apr  5 07:05:02 (none) sshd[12110]: Failed password for root from 221.203.3.117 port 47767 ssh2
Apr  5 07:05:04 (none) sshd[12110]: Failed password for root from 221.203.3.117 port 47767 ssh2
Apr  5 07:05:05 (none) sshd[12110]: Received disconnect from 221.203.3.117: 11:  [preauth]
Apr  5 07:05:05 (none) sshd[12110]: PAM 2 more authentication failures; logname= uid=0 euid=0 tty=ssh ruser= rhost=221.203.3.117  user=root
Apr  5 07:05:07 (none) sshd[12115]: pam_unix(sshd:auth): authentication failure; logname= uid=0 euid=0 tty=ssh ruser= rhost=221.203.3.117  user=root
Apr  5 07:05:10 (none) sshd[12115]: Failed password for root from 221.203.3.117 port 37983 ssh2
Apr  5 07:05:12 (none) sshd[12115]: Failed password for root from 221.203.3.117 port 37983 ssh2
Apr  5 07:05:14 (none) sshd[12115]: Failed password for root from 221.203.3.117 port 37983 ssh2
Apr  5 07:05:14 (none) sshd[12115]: Received disconnect from 221.203.3.117: 11:  [preauth]
Apr  5 07:05:14 (none) sshd[12115]: PAM 2 more authentication failures; logname= uid=0 euid=0 tty=ssh ruser= rhost=221.203.3.117  user=root
Apr  5 07:05:17 (none) sshd[12117]: pam_unix(sshd:auth): authentication failure; logname= uid=0 euid=0 tty=ssh ruser= rhost=221.203.3.117  user=root
Apr  5 07:05:18 (none) sshd[12117]: Failed password for root from 221.203.3.117 port 57754 ssh2
Apr  5 07:05:21 (none) sshd[12117]: Failed password for root from 221.203.3.117 port 57754 ssh2
Apr  5 07:05:23 (none) sshd[12117]: Failed password for root from 221.203.3.117 port 57754 ssh2
Apr  5 07:05:23 (none) sshd[12117]: Received disconnect from 221.203.3.117: 11:  [preauth]
Apr  5 07:05:23 (none) sshd[12117]: PAM 2 more authentication failures; logname= uid=0 euid=0 tty=ssh ruser= rhost=221.203.3.117  user=root
Apr  5 07:05:26 (none) sshd[12119]: pam_unix(sshd:auth): authentication failure; logname= uid=0 euid=0 tty=ssh ruser= rhost=221.203.3.117  user=root
Apr  5 07:05:28 (none) sshd[12119]: Failed password for root from 221.203.3.117 port 48806 ssh2
Apr  5 07:05:30 (none) sshd[12119]: Failed password for root from 221.203.3.117 port 48806 ssh2
Apr  5 07:05:33 (none) sshd[12119]: Failed password for root from 221.203.3.117 port 48806 ssh2
Apr  5 07:05:33 (none) sshd[12119]: Received disconnect from 221.203.3.117: 11:  [preauth]
Apr  5 07:05:33 (none) sshd[12119]: PAM 2 more authentication failures; logname= uid=0 euid=0 tty=ssh ruser= rhost=221.203.3.117  user=root
Apr  5 07:05:35 (none) sshd[12121]: pam_unix(sshd:auth): authentication failure; logname= uid=0 euid=0 tty=ssh ruser= rhost=221.203.3.117  user=root
Apr  5 07:05:37 (none) sshd[12121]: Failed password for root from 221.203.3.117 port 40317 ssh2
Apr  5 07:05:39 (none) sshd[12121]: Failed password for root from 221.203.3.117 port 40317 ssh2
Apr  5 07:05:41 (none) sshd[12121]: Failed password for root from 221.203.3.117 port 40317 ssh2
Apr  5 07:05:42 (none) sshd[12121]: Received disconnect from 221.203.3.117: 11:  [preauth]
Apr  5 07:05:42 (none) sshd[12121]: PAM 2 more authentication failures; logname= uid=0 euid=0 tty=ssh ruser= rhost=221.203.3.117  user=root
Apr  5 07:05:44 (none) sshd[12123]: pam_unix(sshd:auth): authentication failure; logname= uid=0 euid=0 tty=ssh ruser= rhost=221.203.3.117  user=root
Apr  5 07:05:46 (none) sshd[12123]: Failed password for root from 221.203.3.117 port 59647 ssh2
Apr  5 07:05:49 (none) sshd[12123]: Failed password for root from 221.203.3.117 port 59647 ssh2
Apr  5 07:05:51 (none) sshd[12123]: Failed password for root from 221.203.3.117 port 59647 ssh2
Apr  5 07:05:51 (none) sshd[12123]: Received disconnect from 221.203.3.117: 11:  [preauth]
Apr  5 07:05:51 (none) sshd[12123]: PAM 2 more authentication failures; logname= uid=0 euid=0 tty=ssh ruser= rhost=221.203.3.117  user=root
Apr  5 07:05:54 (none) sshd[12125]: pam_unix(sshd:auth): authentication failure; logname= uid=0 euid=0 tty=ssh ruser= rhost=221.203.3.117  user=root
Apr  5 07:05:56 (none) sshd[12125]: Failed password for root from 221.203.3.117 port 51016 ssh2
Apr  5 07:05:59 (none) sshd[12125]: Failed password for root from 221.203.3.117 port 51016 ssh2
Apr  5 07:06:00 (none) sshd[12125]: Failed password for root from 221.203.3.117 port 51016 ssh2
Apr  5 07:06:01 (none) sshd[12125]: Received disconnect from 221.203.3.117: 11:  [preauth]
Apr  5 07:06:01 (none) sshd[12125]: PAM 2 more authentication failures; logname= uid=0 euid=0 tty=ssh ruser= rhost=221.203.3.117  user=root
Apr  5 07:06:03 (none) sshd[12127]: pam_unix(sshd:auth): authentication failure; logname= uid=0 euid=0 tty=ssh ruser= rhost=221.203.3.117  user=root
Apr  5 07:06:05 (none) sshd[12127]: Failed password for root from 221.203.3.117 port 43003 ssh2
Apr  5 07:06:08 (none) sshd[12127]: Failed password for root from 221.203.3.117 port 43003 ssh2
Apr  5 07:06:10 (none) sshd[12127]: Failed password for root from 221.203.3.117 port 43003 ssh2
Apr  5 07:06:10 (none) sshd[12127]: Received disconnect from 221.203.3.117: 11:  [preauth]
Apr  5 07:06:10 (none) sshd[12127]: PAM 2 more authentication failures; logname= uid=0 euid=0 tty=ssh ruser= rhost=221.203.3.117  user=root
Apr  5 07:06:13 (none) sshd[12129]: pam_unix(sshd:auth): authentication failure; logname= uid=0 euid=0 tty=ssh ruser= rhost=221.203.3.117  user=root
Apr  5 07:06:15 (none) sshd[12129]: Failed password for root from 221.203.3.117 port 34944 ssh2
Apr  5 07:06:17 (none) sshd[12129]: Failed password for root from 221.203.3.117 port 34944 ssh2
Apr  5 07:06:19 (none) sshd[12129]: Failed password for root from 221.203.3.117 port 34944 ssh2
Apr  5 07:06:20 (none) sshd[12129]: Received disconnect from 221.203.3.117: 11:  [preauth]
Apr  5 07:06:20 (none) sshd[12129]: PAM 2 more authentication failures; logname= uid=0 euid=0 tty=ssh ruser= rhost=221.203.3.117  user=root
Apr  5 07:06:22 (none) sshd[12131]: pam_unix(sshd:auth): authentication failure; logname= uid=0 euid=0 tty=ssh ruser= rhost=221.203.3.117  user=root
Apr  5 07:06:23 (none) sshd[12131]: Failed password for root from 221.203.3.117 port 54549 ssh2
Apr  5 07:06:25 (none) sshd[12131]: Failed password for root from 221.203.3.117 port 54549 ssh2
Apr  5 07:06:28 (none) sshd[12131]: Failed password for root from 221.203.3.117 port 54549 ssh2
Apr  5 07:06:28 (none) sshd[12131]: Received disconnect from 221.203.3.117: 11:  [preauth]
Apr  5 07:06:28 (none) sshd[12131]: PAM 2 more authentication failures; logname= uid=0 euid=0 tty=ssh ruser= rhost=221.203.3.117  user=root
Apr  5 07:06:36 (none) sshd[12133]: pam_unix(sshd:auth): authentication failure; logname= uid=0 euid=0 tty=ssh ruser= rhost=221.203.3.117  user=root
Apr  5 07:06:38 (none) sshd[12133]: Failed password for root from 221.203.3.117 port 44953 ssh2
Apr  5 07:06:42 (none) sshd[12133]: Failed password for root from 221.203.3.117 port 44953 ssh2
Apr  5 07:06:45 (none) sshd[12133]: Failed password for root from 221.203.3.117 port 44953 ssh2
Apr  5 07:06:47 (none) sshd[12133]: Received disconnect from 221.203.3.117: 11:  [preauth]
Apr  5 07:06:47 (none) sshd[12133]: PAM 2 more authentication failures; logname= uid=0 euid=0 tty=ssh ruser= rhost=221.203.3.117  user=root
Apr  5 07:06:50 (none) sshd[12135]: pam_unix(sshd:auth): authentication failure; logname= uid=0 euid=0 tty=ssh ruser= rhost=221.203.3.117  user=root
Apr  5 07:06:52 (none) sshd[12135]: Failed password for root from 221.203.3.117 port 53557 ssh2
Apr  5 07:06:54 (none) sshd[12135]: Failed password for root from 221.203.3.117 port 53557 ssh2
Apr  5 07:06:56 (none) sshd[12135]: Failed password for root from 221.203.3.117 port 53557 ssh2
Apr  5 07:06:56 (none) sshd[12135]: Received disconnect from 221.203.3.117: 11:  [preauth]
Apr  5 07:06:56 (none) sshd[12135]: PAM 2 more authentication failures; logname= uid=0 euid=0 tty=ssh ruser= rhost=221.203.3.117  user=root
Apr  5 07:06:58 (none) sshd[12137]: pam_unix(sshd:auth): authentication failure; logname= uid=0 euid=0 tty=ssh ruser= rhost=221.203.3.117  user=root
Apr  5 07:07:00 (none) sshd[12137]: Failed password for root from 221.203.3.117 port 49105 ssh2
Apr  5 07:07:02 (none) sshd[12137]: Failed password for root from 221.203.3.117 port 49105 ssh2
Apr  5 07:07:05 (none) sshd[12137]: Failed password for root from 221.203.3.117 port 49105 ssh2
Apr  5 07:07:05 (none) sshd[12137]: Received disconnect from 221.203.3.117: 11:  [preauth]
Apr  5 07:07:05 (none) sshd[12137]: PAM 2 more authentication failures; logname= uid=0 euid=0 tty=ssh ruser= rhost=221.203.3.117  user=root
Apr  5 07:07:07 (none) sshd[12139]: pam_unix(sshd:auth): authentication failure; logname= uid=0 euid=0 tty=ssh ruser= rhost=221.203.3.117  user=root
Apr  5 07:07:09 (none) sshd[12139]: Failed password for root from 221.203.3.117 port 40600 ssh2
Apr  5 07:07:12 (none) sshd[12139]: Failed password for root from 221.203.3.117 port 40600 ssh2
Apr  5 07:07:13 (none) sshd[12139]: Failed password for root from 221.203.3.117 port 40600 ssh2
Apr  5 07:07:14 (none) sshd[12139]: Received disconnect from 221.203.3.117: 11:  [preauth]
Apr  5 07:07:14 (none) sshd[12139]: PAM 2 more authentication failures; logname= uid=0 euid=0 tty=ssh ruser= rhost=221.203.3.117  user=root
Apr  5 07:07:16 (none) sshd[12141]: pam_unix(sshd:auth): authentication failure; logname= uid=0 euid=0 tty=ssh ruser= rhost=221.203.3.117  user=root
Apr  5 07:07:18 (none) sshd[12141]: Failed password for root from 221.203.3.117 port 59376 ssh2
Apr  5 07:07:20 (none) sshd[12141]: Failed password for root from 221.203.3.117 port 59376 ssh2
Apr  5 07:07:22 (none) sshd[12141]: Failed password for root from 221.203.3.117 port 59376 ssh2
Apr  5 07:07:22 (none) sshd[12141]: Received disconnect from 221.203.3.117: 11:  [preauth]
Apr  5 07:07:22 (none) sshd[12141]: PAM 2 more authentication failures; logname= uid=0 euid=0 tty=ssh ruser= rhost=221.203.3.117  user=root
Apr  5 07:07:25 (none) sshd[12143]: pam_unix(sshd:auth): authentication failure; logname= uid=0 euid=0 tty=ssh ruser= rhost=221.203.3.117  user=root
Apr  5 07:07:27 (none) sshd[12143]: Failed password for root from 221.203.3.117 port 49235 ssh2
Apr  5 07:07:29 (none) sshd[12143]: Failed password for root from 221.203.3.117 port 49235 ssh2
Apr  5 07:07:32 (none) sshd[12143]: Failed password for root from 221.203.3.117 port 49235 ssh2
Apr  5 07:07:32 (none) sshd[12143]: Received disconnect from 221.203.3.117: 11:  [preauth]
Apr  5 07:07:32 (none) sshd[12143]: PAM 2 more authentication failures; logname= uid=0 euid=0 tty=ssh ruser= rhost=221.203.3.117  user=root
Apr  5 07:07:35 (none) sshd[12145]: pam_unix(sshd:auth): authentication failure; logname= uid=0 euid=0 tty=ssh ruser= rhost=221.203.3.117  user=root
Apr  5 07:07:37 (none) sshd[12145]: Failed password for root from 221.203.3.117 port 41091 ssh2
Apr  5 07:07:39 (none) sshd[12145]: Failed password for root from 221.203.3.117 port 41091 ssh2
Apr  5 07:07:42 (none) sshd[12145]: Failed password for root from 221.203.3.117 port 41091 ssh2
Apr  5 07:07:42 (none) sshd[12145]: Received disconnect from 221.203.3.117: 11:  [preauth]
Apr  5 07:07:42 (none) sshd[12145]: PAM 2 more authentication failures; logname= uid=0 euid=0 tty=ssh ruser= rhost=221.203.3.117  user=root
Apr  5 07:07:44 (none) sshd[12147]: pam_unix(sshd:auth): authentication failure; logname= uid=0 euid=0 tty=ssh ruser= rhost=221.203.3.117  user=root
Apr  5 07:07:46 (none) sshd[12147]: Failed password for root from 221.203.3.117 port 34601 ssh2
Apr  5 07:07:49 (none) sshd[12147]: Failed password for root from 221.203.3.117 port 34601 ssh2
Apr  5 07:07:51 (none) sshd[12147]: Failed password for root from 221.203.3.117 port 34601 ssh2
Apr  5 07:07:52 (none) sshd[12147]: Received disconnect from 221.203.3.117: 11:  [preauth]
Apr  5 07:07:52 (none) sshd[12147]: PAM 2 more authentication failures; logname= uid=0 euid=0 tty=ssh ruser= rhost=221.203.3.117  user=root
Apr  5 07:07:54 (none) sshd[12149]: pam_unix(sshd:auth): authentication failure; logname= uid=0 euid=0 tty=ssh ruser= rhost=221.203.3.117  user=root
Apr  5 07:07:56 (none) sshd[12149]: Failed password for root from 221.203.3.117 port 54946 ssh2
Apr  5 07:07:58 (none) sshd[12149]: Failed password for root from 221.203.3.117 port 54946 ssh2
Apr  5 07:08:01 (none) sshd[12149]: Failed password for root from 221.203.3.117 port 54946 ssh2
Apr  5 07:08:01 (none) sshd[12149]: Received disconnect from 221.203.3.117: 11:  [preauth]
Apr  5 07:08:01 (none) sshd[12149]: PAM 2 more authentication failures; logname= uid=0 euid=0 tty=ssh ruser= rhost=221.203.3.117  user=root
Apr  5 07:08:03 (none) sshd[12153]: pam_unix(sshd:auth): authentication failure; logname= uid=0 euid=0 tty=ssh ruser= rhost=43.255.190.180  user=root
Apr  5 07:08:05 (none) sshd[12151]: pam_unix(sshd:auth): authentication failure; logname= uid=0 euid=0 tty=ssh ruser= rhost=221.203.3.117  user=root
Apr  5 07:08:06 (none) sshd[12153]: Failed password for root from 43.255.190.180 port 49704 ssh2
Apr  5 07:08:07 (none) sshd[12151]: Failed password for root from 221.203.3.117 port 47370 ssh2
Apr  5 07:08:08 (none) sshd[12153]: Failed password for root from 43.255.190.180 port 49704 ssh2
Apr  5 07:08:08 (none) sshd[12151]: Failed password for root from 221.203.3.117 port 47370 ssh2
Apr  5 07:08:10 (none) sshd[12153]: Failed password for root from 43.255.190.180 port 49704 ssh2
Apr  5 07:08:11 (none) sshd[12153]: Received disconnect from 43.255.190.180: 11:  [preauth]
Apr  5 07:08:11 (none) sshd[12153]: PAM 2 more authentication failures; logname= uid=0 euid=0 tty=ssh ruser= rhost=43.255.190.180  user=root
Apr  5 07:08:11 (none) sshd[12155]: pam_unix(sshd:auth): authentication failure; logname= uid=0 euid=0 tty=ssh ruser= rhost=43.255.190.180  user=root
Apr  5 07:08:11 (none) sshd[12151]: Failed password for root from 221.203.3.117 port 47370 ssh2
Apr  5 07:08:11 (none) sshd[12151]: Received disconnect from 221.203.3.117: 11:  [preauth]
Apr  5 07:08:11 (none) sshd[12151]: PAM 2 more authentication failures; logname= uid=0 euid=0 tty=ssh ruser= rhost=221.203.3.117  user=root
Apr  5 07:08:13 (none) sshd[12155]: Failed password for root from 43.255.190.180 port 36017 ssh2
Apr  5 07:08:14 (none) sshd[12157]: pam_unix(sshd:auth): authentication failure; logname= uid=0 euid=0 tty=ssh ruser= rhost=221.203.3.117  user=root
Apr  5 07:08:15 (none) sshd[12155]: Failed password for root from 43.255.190.180 port 36017 ssh2
Apr  5 07:08:16 (none) sshd[12157]: Failed password for root from 221.203.3.117 port 40840 ssh2
Apr  5 07:08:18 (none) sshd[12155]: Failed password for root from 43.255.190.180 port 36017 ssh2
Apr  5 07:08:18 (none) sshd[12155]: Received disconnect from 43.255.190.180: 11:  [preauth]
Apr  5 07:08:18 (none) sshd[12155]: PAM 2 more authentication failures; logname= uid=0 euid=0 tty=ssh ruser= rhost=43.255.190.180  user=root
Apr  5 07:08:18 (none) sshd[12157]: Failed password for root from 221.203.3.117 port 40840 ssh2
Apr  5 07:08:18 (none) sshd[12159]: pam_unix(sshd:auth): authentication failure; logname= uid=0 euid=0 tty=ssh ruser= rhost=43.255.190.180  user=root
Apr  5 07:08:20 (none) sshd[12159]: Failed password for root from 43.255.190.180 port 50505 ssh2
Apr  5 07:08:21 (none) sshd[12157]: Failed password for root from 221.203.3.117 port 40840 ssh2
Apr  5 07:08:21 (none) sshd[12157]: Received disconnect from 221.203.3.117: 11:  [preauth]
Apr  5 07:08:21 (none) sshd[12157]: PAM 2 more authentication failures; logname= uid=0 euid=0 tty=ssh ruser= rhost=221.203.3.117  user=root
Apr  5 07:08:23 (none) sshd[12159]: Failed password for root from 43.255.190.180 port 50505 ssh2
Apr  5 07:08:24 (none) sshd[12161]: pam_unix(sshd:auth): authentication failure; logname= uid=0 euid=0 tty=ssh ruser= rhost=221.203.3.117  user=root
Apr  5 07:08:25 (none) sshd[12159]: Failed password for root from 43.255.190.180 port 50505 ssh2
Apr  5 07:08:25 (none) sshd[12159]: Received disconnect from 43.255.190.180: 11:  [preauth]
Apr  5 07:08:25 (none) sshd[12159]: PAM 2 more authentication failures; logname= uid=0 euid=0 tty=ssh ruser= rhost=43.255.190.180  user=root
Apr  5 07:08:25 (none) sshd[12163]: pam_unix(sshd:auth): authentication failure; logname= uid=0 euid=0 tty=ssh ruser= rhost=43.255.190.180  user=root
Apr  5 07:08:26 (none) sshd[12161]: Failed password for root from 221.203.3.117 port 33569 ssh2
Apr  5 07:08:27 (none) sshd[12163]: Failed password for root from 43.255.190.180 port 35644 ssh2
Apr  5 07:08:28 (none) sshd[12161]: Failed password for root from 221.203.3.117 port 33569 ssh2
Apr  5 07:08:29 (none) sshd[12163]: Failed password for root from 43.255.190.180 port 35644 ssh2
Apr  5 07:08:30 (none) sshd[12161]: Failed password for root from 221.203.3.117 port 33569 ssh2
Apr  5 07:08:30 (none) sshd[12161]: Received disconnect from 221.203.3.117: 11:  [preauth]
Apr  5 07:08:30 (none) sshd[12161]: PAM 2 more authentication failures; logname= uid=0 euid=0 tty=ssh ruser= rhost=221.203.3.117  user=root
Apr  5 07:08:31 (none) sshd[12163]: Failed password for root from 43.255.190.180 port 35644 ssh2
Apr  5 07:08:31 (none) sshd[12163]: Received disconnect from 43.255.190.180: 11:  [preauth]
Apr  5 07:08:31 (none) sshd[12163]: PAM 2 more authentication failures; logname= uid=0 euid=0 tty=ssh ruser= rhost=43.255.190.180  user=root
Apr  5 07:08:31 (none) sshd[12167]: pam_unix(sshd:auth): authentication failure; logname= uid=0 euid=0 tty=ssh ruser= rhost=43.255.190.180  user=root
Apr  5 07:08:32 (none) sshd[12165]: pam_unix(sshd:auth): authentication failure; logname= uid=0 euid=0 tty=ssh ruser= rhost=221.203.3.117  user=root
Apr  5 07:08:34 (none) sshd[12167]: Failed password for root from 43.255.190.180 port 48362 ssh2
Apr  5 07:08:35 (none) sshd[12165]: Failed password for root from 221.203.3.117 port 51871 ssh2
Apr  5 07:08:36 (none) sshd[12167]: Failed password for root from 43.255.190.180 port 48362 ssh2
Apr  5 07:08:37 (none) sshd[12165]: Failed password for root from 221.203.3.117 port 51871 ssh2
Apr  5 07:08:38 (none) sshd[12167]: Failed password for root from 43.255.190.180 port 48362 ssh2
Apr  5 07:08:38 (none) sshd[12167]: Received disconnect from 43.255.190.180: 11:  [preauth]
Apr  5 07:08:38 (none) sshd[12167]: PAM 2 more authentication failures; logname= uid=0 euid=0 tty=ssh ruser= rhost=43.255.190.180  user=root
Apr  5 07:08:38 (none) sshd[12169]: pam_unix(sshd:auth): authentication failure; logname= uid=0 euid=0 tty=ssh ruser= rhost=43.255.190.180  user=root
Apr  5 07:08:39 (none) sshd[12165]: Failed password for root from 221.203.3.117 port 51871 ssh2
Apr  5 07:08:39 (none) sshd[12165]: Received disconnect from 221.203.3.117: 11:  [preauth]
Apr  5 07:08:39 (none) sshd[12165]: PAM 2 more authentication failures; logname= uid=0 euid=0 tty=ssh ruser= rhost=221.203.3.117  user=root
Apr  5 07:08:40 (none) sshd[12169]: Failed password for root from 43.255.190.180 port 32895 ssh2
Apr  5 07:08:42 (none) sshd[12169]: Failed password for root from 43.255.190.180 port 32895 ssh2
Apr  5 07:08:43 (none) sshd[12171]: pam_unix(sshd:auth): authentication failure; logname= uid=0 euid=0 tty=ssh ruser= rhost=221.203.3.117  user=root
Apr  5 07:08:44 (none) sshd[12173]: pam_unix(sshd:auth): authentication failure; logname= uid=0 euid=0 tty=ssh ruser= rhost=43.255.190.133  user=root
Apr  5 07:08:44 (none) sshd[12169]: Failed password for root from 43.255.190.180 port 32895 ssh2
Apr  5 07:08:44 (none) sshd[12169]: Received disconnect from 43.255.190.180: 11:  [preauth]
Apr  5 07:08:44 (none) sshd[12169]: PAM 2 more authentication failures; logname= uid=0 euid=0 tty=ssh ruser= rhost=43.255.190.180  user=root
Apr  5 07:08:45 (none) sshd[12175]: pam_unix(sshd:auth): authentication failure; logname= uid=0 euid=0 tty=ssh ruser= rhost=43.255.190.180  user=root
Apr  5 07:08:45 (none) sshd[12171]: Failed password for root from 221.203.3.117 port 43406 ssh2
Apr  5 07:08:46 (none) sshd[12173]: Failed password for root from 43.255.190.133 port 40337 ssh2
Apr  5 07:08:47 (none) sshd[12175]: Failed password for root from 43.255.190.180 port 45268 ssh2
Apr  5 07:08:48 (none) sshd[12171]: Failed password for root from 221.203.3.117 port 43406 ssh2
Apr  5 07:08:48 (none) sshd[12173]: Failed password for root from 43.255.190.133 port 40337 ssh2
Apr  5 07:08:49 (none) sshd[12175]: Failed password for root from 43.255.190.180 port 45268 ssh2
Apr  5 07:08:50 (none) sshd[12173]: Failed password for root from 43.255.190.133 port 40337 ssh2
Apr  5 07:08:50 (none) sshd[12173]: Received disconnect from 43.255.190.133: 11:  [preauth]
Apr  5 07:08:50 (none) sshd[12173]: PAM 2 more authentication failures; logname= uid=0 euid=0 tty=ssh ruser= rhost=43.255.190.133  user=root
Apr  5 07:08:50 (none) sshd[12171]: Failed password for root from 221.203.3.117 port 43406 ssh2
Apr  5 07:08:50 (none) sshd[12177]: pam_unix(sshd:auth): authentication failure; logname= uid=0 euid=0 tty=ssh ruser= rhost=43.255.190.133  user=root
Apr  5 07:08:50 (none) sshd[12171]: Received disconnect from 221.203.3.117: 11:  [preauth]
Apr  5 07:08:50 (none) sshd[12171]: PAM 2 more authentication failures; logname= uid=0 euid=0 tty=ssh ruser= rhost=221.203.3.117  user=root
Apr  5 07:08:51 (none) sshd[12175]: Failed password for root from 43.255.190.180 port 45268 ssh2
Apr  5 07:08:51 (none) sshd[12175]: Received disconnect from 43.255.190.180: 11:  [preauth]
Apr  5 07:08:51 (none) sshd[12175]: PAM 2 more authentication failures; logname= uid=0 euid=0 tty=ssh ruser= rhost=43.255.190.180  user=root
Apr  5 07:08:51 (none) sshd[12181]: pam_unix(sshd:auth): authentication failure; logname= uid=0 euid=0 tty=ssh ruser= rhost=43.255.190.180  user=root
Apr  5 07:08:52 (none) sshd[12177]: Failed password for root from 43.255.190.133 port 53631 ssh2
Apr  5 07:08:52 (none) sshd[12179]: pam_unix(sshd:auth): authentication failure; logname= uid=0 euid=0 tty=ssh ruser= rhost=221.203.3.117  user=root
Apr  5 07:08:53 (none) sshd[12181]: Failed password for root from 43.255.190.180 port 56986 ssh2
Apr  5 07:08:54 (none) sshd[12177]: Failed password for root from 43.255.190.133 port 53631 ssh2
Apr  5 07:08:54 (none) sshd[12179]: Failed password for root from 221.203.3.117 port 37337 ssh2
Apr  5 07:08:56 (none) sshd[12181]: Failed password for root from 43.255.190.180 port 56986 ssh2
Apr  5 07:08:57 (none) sshd[12177]: Failed password for root from 43.255.190.133 port 53631 ssh2
Apr  5 07:08:57 (none) sshd[12177]: Received disconnect from 43.255.190.133: 11:  [preauth]
Apr  5 07:08:57 (none) sshd[12177]: PAM 2 more authentication failures; logname= uid=0 euid=0 tty=ssh ruser= rhost=43.255.190.133  user=root
Apr  5 07:08:57 (none) sshd[12179]: Failed password for root from 221.203.3.117 port 37337 ssh2
Apr  5 07:08:57 (none) sshd[12183]: pam_unix(sshd:auth): authentication failure; logname= uid=0 euid=0 tty=ssh ruser= rhost=43.255.190.133  user=root
Apr  5 07:08:58 (none) sshd[12181]: Failed password for root from 43.255.190.180 port 56986 ssh2
Apr  5 07:08:58 (none) sshd[12181]: Received disconnect from 43.255.190.180: 11:  [preauth]
Apr  5 07:08:58 (none) sshd[12181]: PAM 2 more authentication failures; logname= uid=0 euid=0 tty=ssh ruser= rhost=43.255.190.180  user=root
Apr  5 07:08:58 (none) sshd[12185]: pam_unix(sshd:auth): authentication failure; logname= uid=0 euid=0 tty=ssh ruser= rhost=43.255.190.180  user=root
Apr  5 07:08:59 (none) sshd[12183]: Failed password for root from 43.255.190.133 port 38899 ssh2
Apr  5 07:09:00 (none) sshd[12179]: Failed password for root from 221.203.3.117 port 37337 ssh2
Apr  5 07:09:00 (none) sshd[12179]: Received disconnect from 221.203.3.117: 11:  [preauth]
Apr  5 07:09:00 (none) sshd[12179]: PAM 2 more authentication failures; logname= uid=0 euid=0 tty=ssh ruser= rhost=221.203.3.117  user=root
Apr  5 07:09:00 (none) sshd[12185]: Failed password for root from 43.255.190.180 port 41061 ssh2
Apr  5 07:09:01 (none) sshd[12183]: Failed password for root from 43.255.190.133 port 38899 ssh2
Apr  5 07:09:02 (none) sshd[12187]: pam_unix(sshd:auth): authentication failure; logname= uid=0 euid=0 tty=ssh ruser= rhost=221.203.3.117  user=root
Apr  5 07:09:02 (none) sshd[12185]: Failed password for root from 43.255.190.180 port 41061 ssh2
Apr  5 07:09:03 (none) sshd[12183]: Failed password for root from 43.255.190.133 port 38899 ssh2
Apr  5 07:09:03 (none) sshd[12183]: Received disconnect from 43.255.190.133: 11:  [preauth]
Apr  5 07:09:03 (none) sshd[12183]: PAM 2 more authentication failures; logname= uid=0 euid=0 tty=ssh ruser= rhost=43.255.190.133  user=root
Apr  5 07:09:03 (none) sshd[12189]: pam_unix(sshd:auth): authentication failure; logname= uid=0 euid=0 tty=ssh ruser= rhost=43.255.190.133  user=root
Apr  5 07:09:04 (none) sshd[12187]: Failed password for root from 221.203.3.117 port 57291 ssh2
Apr  5 07:09:05 (none) sshd[12185]: Failed password for root from 43.255.190.180 port 41061 ssh2
Apr  5 07:09:05 (none) sshd[12185]: Received disconnect from 43.255.190.180: 11:  [preauth]
Apr  5 07:09:05 (none) sshd[12185]: PAM 2 more authentication failures; logname= uid=0 euid=0 tty=ssh ruser= rhost=43.255.190.180  user=root
Apr  5 07:09:05 (none) sshd[12191]: pam_unix(sshd:auth): authentication failure; logname= uid=0 euid=0 tty=ssh ruser= rhost=43.255.190.180  user=root
Apr  5 07:09:06 (none) sshd[12189]: Failed password for root from 43.255.190.133 port 52096 ssh2
Apr  5 07:09:07 (none) sshd[12187]: Failed password for root from 221.203.3.117 port 57291 ssh2
Apr  5 07:09:07 (none) sshd[12191]: Failed password for root from 43.255.190.180 port 53479 ssh2
Apr  5 07:09:08 (none) sshd[12189]: Failed password for root from 43.255.190.133 port 52096 ssh2
Apr  5 07:09:10 (none) sshd[12187]: Failed password for root from 221.203.3.117 port 57291 ssh2
Apr  5 07:09:10 (none) sshd[12191]: Failed password for root from 43.255.190.180 port 53479 ssh2
Apr  5 07:09:10 (none) sshd[12187]: Received disconnect from 221.203.3.117: 11:  [preauth]
Apr  5 07:09:10 (none) sshd[12187]: PAM 2 more authentication failures; logname= uid=0 euid=0 tty=ssh ruser= rhost=221.203.3.117  user=root
Apr  5 07:09:10 (none) sshd[12189]: Failed password for root from 43.255.190.133 port 52096 ssh2
Apr  5 07:09:10 (none) sshd[12189]: Received disconnect from 43.255.190.133: 11:  [preauth]
Apr  5 07:09:10 (none) sshd[12189]: PAM 2 more authentication failures; logname= uid=0 euid=0 tty=ssh ruser= rhost=43.255.190.133  user=root
Apr  5 07:09:10 (none) sshd[12193]: pam_unix(sshd:auth): authentication failure; logname= uid=0 euid=0 tty=ssh ruser= rhost=43.255.190.133  user=root
Apr  5 07:09:12 (none) sshd[12191]: Failed password for root from 43.255.190.180 port 53479 ssh2
Apr  5 07:09:12 (none) sshd[12191]: Received disconnect from 43.255.190.180: 11:  [preauth]
Apr  5 07:09:12 (none) sshd[12191]: PAM 2 more authentication failures; logname= uid=0 euid=0 tty=ssh ruser= rhost=43.255.190.180  user=root
Apr  5 07:09:12 (none) sshd[12197]: pam_unix(sshd:auth): authentication failure; logname= uid=0 euid=0 tty=ssh ruser= rhost=43.255.190.180  user=root
Apr  5 07:09:12 (none) sshd[12195]: pam_unix(sshd:auth): authentication failure; logname= uid=0 euid=0 tty=ssh ruser= rhost=221.203.3.117  user=root
Apr  5 07:09:12 (none) sshd[12193]: Failed password for root from 43.255.190.133 port 36812 ssh2
Apr  5 07:09:14 (none) sshd[12197]: Failed password for root from 43.255.190.180 port 37124 ssh2
Apr  5 07:09:14 (none) sshd[12195]: Failed password for root from 221.203.3.117 port 49156 ssh2
Apr  5 07:09:15 (none) sshd[12193]: Failed password for root from 43.255.190.133 port 36812 ssh2
Apr  5 07:09:17 (none) sshd[12197]: Failed password for root from 43.255.190.180 port 37124 ssh2
Apr  5 07:09:17 (none) sshd[12195]: Failed password for root from 221.203.3.117 port 49156 ssh2
Apr  5 07:09:17 (none) sshd[12193]: Failed password for root from 43.255.190.133 port 36812 ssh2
Apr  5 07:09:17 (none) sshd[12193]: Received disconnect from 43.255.190.133: 11:  [preauth]
Apr  5 07:09:17 (none) sshd[12193]: PAM 2 more authentication failures; logname= uid=0 euid=0 tty=ssh ruser= rhost=43.255.190.133  user=root
Apr  5 07:09:17 (none) sshd[12199]: pam_unix(sshd:auth): authentication failure; logname= uid=0 euid=0 tty=ssh ruser= rhost=43.255.190.133  user=root
Apr  5 07:09:19 (none) sshd[12197]: Failed password for root from 43.255.190.180 port 37124 ssh2
Apr  5 07:09:19 (none) sshd[12197]: Received disconnect from 43.255.190.180: 11:  [preauth]
Apr  5 07:09:19 (none) sshd[12197]: PAM 2 more authentication failures; logname= uid=0 euid=0 tty=ssh ruser= rhost=43.255.190.180  user=root
Apr  5 07:09:19 (none) sshd[12201]: pam_unix(sshd:auth): authentication failure; logname= uid=0 euid=0 tty=ssh ruser= rhost=43.255.190.180  user=root
Apr  5 07:09:19 (none) sshd[12195]: Failed password for root from 221.203.3.117 port 49156 ssh2
Apr  5 07:09:20 (none) sshd[12199]: Failed password for root from 43.255.190.133 port 49790 ssh2
Apr  5 07:09:20 (none) sshd[12195]: Received disconnect from 221.203.3.117: 11:  [preauth]
Apr  5 07:09:20 (none) sshd[12195]: PAM 2 more authentication failures; logname= uid=0 euid=0 tty=ssh ruser= rhost=221.203.3.117  user=root
Apr  5 07:09:22 (none) sshd[12199]: Failed password for root from 43.255.190.133 port 49790 ssh2
Apr  5 07:09:22 (none) sshd[12201]: Failed password for root from 43.255.190.180 port 50037 ssh2
Apr  5 07:09:22 (none) sshd[12203]: pam_unix(sshd:auth): authentication failure; logname= uid=0 euid=0 tty=ssh ruser= rhost=221.203.3.117  user=root
Apr  5 07:09:23 (none) sshd[12199]: Failed password for root from 43.255.190.133 port 49790 ssh2
Apr  5 07:09:23 (none) sshd[12199]: Received disconnect from 43.255.190.133: 11:  [preauth]
Apr  5 07:09:23 (none) sshd[12199]: PAM 2 more authentication failures; logname= uid=0 euid=0 tty=ssh ruser= rhost=43.255.190.133  user=root
Apr  5 07:09:24 (none) sshd[12201]: Failed password for root from 43.255.190.180 port 50037 ssh2
Apr  5 07:09:24 (none) sshd[12203]: Failed password for root from 221.203.3.117 port 41516 ssh2
Apr  5 07:09:24 (none) sshd[12205]: pam_unix(sshd:auth): authentication failure; logname= uid=0 euid=0 tty=ssh ruser= rhost=43.255.190.133  user=root
Apr  5 07:09:26 (none) sshd[12201]: Failed password for root from 43.255.190.180 port 50037 ssh2
Apr  5 07:09:26 (none) sshd[12201]: Received disconnect from 43.255.190.180: 11:  [preauth]
Apr  5 07:09:26 (none) sshd[12201]: PAM 2 more authentication failures; logname= uid=0 euid=0 tty=ssh ruser= rhost=43.255.190.180  user=root
Apr  5 07:09:26 (none) sshd[12205]: Failed password for root from 43.255.190.133 port 33732 ssh2
Apr  5 07:09:26 (none) sshd[12203]: Failed password for root from 221.203.3.117 port 41516 ssh2
Apr  5 07:09:26 (none) sshd[12207]: pam_unix(sshd:auth): authentication failure; logname= uid=0 euid=0 tty=ssh ruser= rhost=43.255.190.180  user=root
Apr  5 07:09:28 (none) sshd[12205]: Failed password for root from 43.255.190.133 port 33732 ssh2
Apr  5 07:09:29 (none) sshd[12207]: Failed password for root from 43.255.190.180 port 34400 ssh2
Apr  5 07:09:29 (none) sshd[12203]: Failed password for root from 221.203.3.117 port 41516 ssh2
Apr  5 07:09:30 (none) sshd[12203]: Received disconnect from 221.203.3.117: 11:  [preauth]
Apr  5 07:09:30 (none) sshd[12203]: PAM 2 more authentication failures; logname= uid=0 euid=0 tty=ssh ruser= rhost=221.203.3.117  user=root
Apr  5 07:09:31 (none) sshd[12205]: Failed password for root from 43.255.190.133 port 33732 ssh2
Apr  5 07:09:31 (none) sshd[12205]: Received disconnect from 43.255.190.133: 11:  [preauth]
Apr  5 07:09:31 (none) sshd[12205]: PAM 2 more authentication failures; logname= uid=0 euid=0 tty=ssh ruser= rhost=43.255.190.133  user=root
Apr  5 07:09:31 (none) sshd[12211]: pam_unix(sshd:auth): authentication failure; logname= uid=0 euid=0 tty=ssh ruser= rhost=43.255.190.133  user=root
Apr  5 07:09:31 (none) sshd[12207]: Failed password for root from 43.255.190.180 port 34400 ssh2
Apr  5 07:09:32 (none) sshd[12209]: pam_unix(sshd:auth): authentication failure; logname= uid=0 euid=0 tty=ssh ruser= rhost=221.203.3.117  user=root
Apr  5 07:09:33 (none) sshd[12211]: Failed password for root from 43.255.190.133 port 47159 ssh2
Apr  5 07:09:34 (none) sshd[12207]: Failed password for root from 43.255.190.180 port 34400 ssh2
Apr  5 07:09:34 (none) sshd[12207]: Received disconnect from 43.255.190.180: 11:  [preauth]
Apr  5 07:09:34 (none) sshd[12207]: PAM 2 more authentication failures; logname= uid=0 euid=0 tty=ssh ruser= rhost=43.255.190.180  user=root
Apr  5 07:09:34 (none) sshd[12213]: pam_unix(sshd:auth): authentication failure; logname= uid=0 euid=0 tty=ssh ruser= rhost=43.255.190.180  user=root
Apr  5 07:09:34 (none) sshd[12209]: Failed password for root from 221.203.3.117 port 34334 ssh2
Apr  5 07:09:35 (none) sshd[12211]: Failed password for root from 43.255.190.133 port 47159 ssh2
Apr  5 07:09:36 (none) sshd[12213]: Failed password for root from 43.255.190.180 port 47242 ssh2
Apr  5 07:09:37 (none) sshd[12209]: Failed password for root from 221.203.3.117 port 34334 ssh2
Apr  5 07:09:37 (none) sshd[12211]: Failed password for root from 43.255.190.133 port 47159 ssh2
Apr  5 07:09:37 (none) sshd[12211]: Received disconnect from 43.255.190.133: 11:  [preauth]
Apr  5 07:09:37 (none) sshd[12211]: PAM 2 more authentication failures; logname= uid=0 euid=0 tty=ssh ruser= rhost=43.255.190.133  user=root
Apr  5 07:09:38 (none) sshd[12215]: pam_unix(sshd:auth): authentication failure; logname= uid=0 euid=0 tty=ssh ruser= rhost=43.255.190.133  user=root
Apr  5 07:09:38 (none) sshd[12213]: Failed password for root from 43.255.190.180 port 47242 ssh2
Apr  5 07:09:39 (none) sshd[12209]: Failed password for root from 221.203.3.117 port 34334 ssh2
Apr  5 07:09:40 (none) sshd[12215]: Failed password for root from 43.255.190.133 port 59549 ssh2
Apr  5 07:09:40 (none) sshd[12209]: Received disconnect from 221.203.3.117: 11:  [preauth]
Apr  5 07:09:40 (none) sshd[12209]: PAM 2 more authentication failures; logname= uid=0 euid=0 tty=ssh ruser= rhost=221.203.3.117  user=root
Apr  5 07:09:40 (none) sshd[12213]: Failed password for root from 43.255.190.180 port 47242 ssh2
Apr  5 07:09:40 (none) sshd[12213]: Received disconnect from 43.255.190.180: 11:  [preauth]
Apr  5 07:09:40 (none) sshd[12213]: PAM 2 more authentication failures; logname= uid=0 euid=0 tty=ssh ruser= rhost=43.255.190.180  user=root
Apr  5 07:09:41 (none) sshd[12217]: pam_unix(sshd:auth): authentication failure; logname= uid=0 euid=0 tty=ssh ruser= rhost=43.255.190.180  user=root
Apr  5 07:09:42 (none) sshd[12215]: Failed password for root from 43.255.190.133 port 59549 ssh2
Apr  5 07:09:43 (none) sshd[12217]: Failed password for root from 43.255.190.180 port 58926 ssh2
Apr  5 07:09:43 (none) sshd[12219]: pam_unix(sshd:auth): authentication failure; logname= uid=0 euid=0 tty=ssh ruser= rhost=221.203.3.117  user=root
Apr  5 07:09:44 (none) sshd[12215]: Failed password for root from 43.255.190.133 port 59549 ssh2
Apr  5 07:09:44 (none) sshd[12215]: Received disconnect from 43.255.190.133: 11:  [preauth]
Apr  5 07:09:44 (none) sshd[12215]: PAM 2 more authentication failures; logname= uid=0 euid=0 tty=ssh ruser= rhost=43.255.190.133  user=root
Apr  5 07:09:44 (none) sshd[12221]: pam_unix(sshd:auth): authentication failure; logname= uid=0 euid=0 tty=ssh ruser= rhost=43.255.190.133  user=root
Apr  5 07:09:45 (none) sshd[12217]: Failed password for root from 43.255.190.180 port 58926 ssh2
Apr  5 07:09:46 (none) sshd[12219]: Failed password for root from 221.203.3.117 port 54503 ssh2
Apr  5 07:09:47 (none) sshd[12221]: Failed password for root from 43.255.190.133 port 44111 ssh2
Apr  5 07:09:47 (none) sshd[12219]: Failed password for root from 221.203.3.117 port 54503 ssh2
Apr  5 07:09:48 (none) sshd[12217]: Failed password for root from 43.255.190.180 port 58926 ssh2
Apr  5 07:09:48 (none) sshd[12217]: Received disconnect from 43.255.190.180: 11:  [preauth]
Apr  5 07:09:48 (none) sshd[12217]: PAM 2 more authentication failures; logname= uid=0 euid=0 tty=ssh ruser= rhost=43.255.190.180  user=root
Apr  5 07:09:48 (none) sshd[12223]: pam_unix(sshd:auth): authentication failure; logname= uid=0 euid=0 tty=ssh ruser= rhost=43.255.190.180  user=root
Apr  5 07:09:49 (none) sshd[12221]: Failed password for root from 43.255.190.133 port 44111 ssh2
Apr  5 07:09:50 (none) sshd[12219]: Failed password for root from 221.203.3.117 port 54503 ssh2
Apr  5 07:09:50 (none) sshd[12223]: Failed password for root from 43.255.190.180 port 43393 ssh2
Apr  5 07:09:51 (none) sshd[12219]: Received disconnect from 221.203.3.117: 11:  [preauth]
Apr  5 07:09:51 (none) sshd[12219]: PAM 2 more authentication failures; logname= uid=0 euid=0 tty=ssh ruser= rhost=221.203.3.117  user=root
Apr  5 07:09:51 (none) sshd[12221]: Failed password for root from 43.255.190.133 port 44111 ssh2
Apr  5 07:09:51 (none) sshd[12221]: Received disconnect from 43.255.190.133: 11:  [preauth]
Apr  5 07:09:51 (none) sshd[12221]: PAM 2 more authentication failures; logname= uid=0 euid=0 tty=ssh ruser= rhost=43.255.190.133  user=root
Apr  5 07:09:52 (none) sshd[12227]: pam_unix(sshd:auth): authentication failure; logname= uid=0 euid=0 tty=ssh ruser= rhost=43.255.190.133  user=root
Apr  5 07:09:53 (none) sshd[12225]: pam_unix(sshd:auth): authentication failure; logname= uid=0 euid=0 tty=ssh ruser= rhost=221.203.3.117  user=root
Apr  5 07:09:53 (none) sshd[12223]: Failed password for root from 43.255.190.180 port 43393 ssh2
Apr  5 07:09:54 (none) sshd[12227]: Failed password for root from 43.255.190.133 port 57771 ssh2
Apr  5 07:09:55 (none) sshd[12225]: Failed password for root from 221.203.3.117 port 48050 ssh2
Apr  5 07:09:55 (none) sshd[12223]: Failed password for root from 43.255.190.180 port 43393 ssh2
Apr  5 07:09:55 (none) sshd[12223]: Received disconnect from 43.255.190.180: 11:  [preauth]
Apr  5 07:09:55 (none) sshd[12223]: PAM 2 more authentication failures; logname= uid=0 euid=0 tty=ssh ruser= rhost=43.255.190.180  user=root
Apr  5 07:09:55 (none) sshd[12229]: pam_unix(sshd:auth): authentication failure; logname= uid=0 euid=0 tty=ssh ruser= rhost=43.255.190.180  user=root
Apr  5 07:09:56 (none) sshd[12227]: Failed password for root from 43.255.190.133 port 57771 ssh2
Apr  5 07:09:57 (none) sshd[12225]: Failed password for root from 221.203.3.117 port 48050 ssh2
Apr  5 07:09:58 (none) sshd[12229]: Failed password for root from 43.255.190.180 port 55690 ssh2
Apr  5 07:09:59 (none) sshd[12227]: Failed password for root from 43.255.190.133 port 57771 ssh2
Apr  5 07:09:59 (none) sshd[12227]: Received disconnect from 43.255.190.133: 11:  [preauth]
Apr  5 07:09:59 (none) sshd[12227]: PAM 2 more authentication failures; logname= uid=0 euid=0 tty=ssh ruser= rhost=43.255.190.133  user=root
Apr  5 07:09:59 (none) sshd[12231]: pam_unix(sshd:auth): authentication failure; logname= uid=0 euid=0 tty=ssh ruser= rhost=43.255.190.133  user=root
Apr  5 07:10:00 (none) sshd[12225]: Failed password for root from 221.203.3.117 port 48050 ssh2
Apr  5 07:10:00 (none) sshd[12229]: Failed password for root from 43.255.190.180 port 55690 ssh2
Apr  5 07:10:00 (none) sshd[12225]: Received disconnect from 221.203.3.117: 11:  [preauth]
Apr  5 07:10:00 (none) sshd[12225]: PAM 2 more authentication failures; logname= uid=0 euid=0 tty=ssh ruser= rhost=221.203.3.117  user=root
Apr  5 07:10:01 (none) sshd[12231]: Failed password for root from 43.255.190.133 port 42170 ssh2
Apr  5 07:10:02 (none) sshd[12229]: Failed password for root from 43.255.190.180 port 55690 ssh2
Apr  5 07:10:02 (none) sshd[12229]: Received disconnect from 43.255.190.180: 11:  [preauth]
Apr  5 07:10:02 (none) sshd[12229]: PAM 2 more authentication failures; logname= uid=0 euid=0 tty=ssh ruser= rhost=43.255.190.180  user=root
Apr  5 07:10:02 (none) sshd[12233]: pam_unix(sshd:auth): authentication failure; logname= uid=0 euid=0 tty=ssh ruser= rhost=221.203.3.117  user=root
Apr  5 07:10:02 (none) sshd[12235]: pam_unix(sshd:auth): authentication failure; logname= uid=0 euid=0 tty=ssh ruser= rhost=43.255.190.180  user=root
Apr  5 07:10:04 (none) sshd[12231]: Failed password for root from 43.255.190.133 port 42170 ssh2
Apr  5 07:10:04 (none) sshd[12233]: Failed password for root from 221.203.3.117 port 39292 ssh2
